// Jest Snapshot v1, https://goo.gl/fbAQLP

exports[`SignUpForm Rendering Tests No Data 1`] = `
<div
  className="container-md"
>
  <div
    className="justify-content-md-center row"
  >
    <div
      className="col-lg-3 col"
    >
      <form
        className=""
        onSubmit={[Function]}
      >
        <div
          className="mb-3"
        >
          <label
            className="form-label"
            htmlFor="formEmail"
          >
            E-mail
          </label>
          <input
            aria-label="email"
            className="form-control"
            id="formEmail"
            onChange={[Function]}
            type="email"
            value=""
          />
        </div>
        <div
          className="mb-3"
        >
          <label
            className="form-label"
            htmlFor="formPassword"
          >
            Password
          </label>
          <input
            aria-label="password"
            className="form-control"
            id="formPassword"
            onChange={[Function]}
            type="password"
            value=""
          />
        </div>
        <div
          className="mb-3"
        >
          <label
            className="form-label"
            htmlFor="formPassword"
          >
            Re-enter password
          </label>
          <input
            aria-label="reentry"
            className="form-control"
            id="formPassword"
            onChange={[Function]}
            type="password"
            value=""
          />
        </div>
        <button
          className="btn btn-outline-secondary"
          disabled={false}
          type="submit"
        >
          Sign Up
        </button>
      </form>
    </div>
  </div>
</div>
`;
