// Jest Snapshot v1, https://goo.gl/fbAQLP

exports[`Rendering the Login Page 1`] = `
<div
  className="pt-2 container-md"
>
  <div
    className="row"
  >
    <div
      className="col-8"
    >
      <img
        src="/images/dumbbells.jpg"
        width={800}
      />
    </div>
    <div
      className="col-lg-4 col"
    >
      <div
        className="container-md"
      >
        <div
          className="justify-content-md-center row"
        >
          <div
            className="col"
          >
            <h3>
              Log in
            </h3>
            <form
              className=""
              onSubmit={[Function]}
            >
              <div
                className="mb-3"
              >
                <label
                  className="form-label"
                  htmlFor="formEmail"
                >
                  E-mail
                </label>
                <input
                  aria-label="email"
                  className="form-control"
                  id="formEmail"
                  onChange={[Function]}
                  type="email"
                  value=""
                />
              </div>
              <div
                className="mb-3"
              >
                <label
                  className="form-label"
                  htmlFor="formPassword"
                >
                  Password
                </label>
                <input
                  aria-label="password"
                  className="form-control"
                  id="formPassword"
                  onChange={[Function]}
                  type="password"
                  value=""
                />
              </div>
              <button
                className="btn btn-outline-secondary"
                disabled={false}
                type="submit"
              >
                Log In
              </button>
            </form>
          </div>
        </div>
      </div>
    </div>
  </div>
</div>
`;
