// Jest Snapshot v1, https://goo.gl/fbAQLP

exports[`Render tests Has Data, matches snapshot 1`] = `
<div
  className="container"
>
  <div
    className="list-group list-group-flush"
    onKeyDown={[Function]}
    style={
      Object {
        "margin": "auto",
        "width": "60%",
      }
    }
  >
    <button
      className="list-group-item list-group-item-action"
      data-rr-ui-event-key={null}
      onClick={[Function]}
      style={
        Object {
          "border": "0px",
        }
      }
    >
      <div
        className="card"
        onClick={[Function]}
      >
        <div
          className="card-body"
        >
          <div
            className="card-title h5"
          >
            #
            1
             - 
            Lunges
          </div>
          <div
            className="card-body"
          >
            <div
              className="pt-3 container"
              style={
                Object {
                  "margin": "auto",
                  "textAlign": "center",
                  "width": "60%",
                }
              }
            >
              <div
                style={
                  Object {
                    "textAlign": "left",
                  }
                }
              >
                Set List
              </div>
              <table
                className="table table-sm table-striped table-bordered table-hover"
              >
                <thead>
                  <tr>
                    <th>
                      Reps
                    </th>
                    <th>
                      Weight
                    </th>
                  </tr>
                </thead>
                <tbody>
                  <tr
                    onClick={[Function]}
                  >
                    <td>
                      40
                    </td>
                    <td>
                      100
                    </td>
                  </tr>
                  <tr
                    onClick={[Function]}
                  >
                    <td>
                      40
                    </td>
                    <td>
                      100
                    </td>
                  </tr>
                  <tr
                    onClick={[Function]}
                  >
                    <td>
                      40
                    </td>
                    <td>
                      100
                    </td>
                  </tr>
                  <tr
                    onClick={[Function]}
                  >
                    <td>
                      40
                    </td>
                    <td>
                      100
                    </td>
                  </tr>
                </tbody>
              </table>
            </div>
          </div>
        </div>
      </div>
    </button>
    <button
      className="list-group-item list-group-item-action"
      data-rr-ui-event-key={null}
      onClick={[Function]}
      style={
        Object {
          "border": "0px",
        }
      }
    >
      <div
        className="card"
        onClick={[Function]}
      >
        <div
          className="card-body"
        >
          <div
            className="card-title h5"
          >
            #
            2
             - 
            Lunges
          </div>
          <div
            className="card-body"
          >
            <div
              className="pt-3 container"
              style={
                Object {
                  "margin": "auto",
                  "textAlign": "center",
                  "width": "60%",
                }
              }
            >
              <div
                style={
                  Object {
                    "textAlign": "left",
                  }
                }
              >
                Set List
              </div>
              <table
                className="table table-sm table-striped table-bordered table-hover"
              >
                <thead>
                  <tr>
                    <th>
                      Reps
                    </th>
                    <th>
                      Weight
                    </th>
                  </tr>
                </thead>
                <tbody>
                  <tr
                    onClick={[Function]}
                  >
                    <td>
                      40
                    </td>
                    <td>
                      100
                    </td>
                  </tr>
                  <tr
                    onClick={[Function]}
                  >
                    <td>
                      40
                    </td>
                    <td>
                      100
                    </td>
                  </tr>
                  <tr
                    onClick={[Function]}
                  >
                    <td>
                      40
                    </td>
                    <td>
                      100
                    </td>
                  </tr>
                  <tr
                    onClick={[Function]}
                  >
                    <td>
                      40
                    </td>
                    <td>
                      100
                    </td>
                  </tr>
                </tbody>
              </table>
            </div>
          </div>
        </div>
      </div>
    </button>
    <button
      className="list-group-item list-group-item-action"
      data-rr-ui-event-key={null}
      onClick={[Function]}
      style={
        Object {
          "border": "0px",
        }
      }
    >
      <div
        className="card"
        onClick={[Function]}
      >
        <div
          className="card-body"
        >
          <div
            className="card-title h5"
          >
            #
            3
             - 
            Lunges
          </div>
          <div
            className="card-body"
          >
            <div
              className="pt-3 container"
              style={
                Object {
                  "margin": "auto",
                  "textAlign": "center",
                  "width": "60%",
                }
              }
            >
              <div
                style={
                  Object {
                    "textAlign": "left",
                  }
                }
              >
                Set List
              </div>
              <table
                className="table table-sm table-striped table-bordered table-hover"
              >
                <thead>
                  <tr>
                    <th>
                      Reps
                    </th>
                    <th>
                      Weight
                    </th>
                  </tr>
                </thead>
                <tbody>
                  <tr
                    onClick={[Function]}
                  >
                    <td>
                      40
                    </td>
                    <td>
                      100
                    </td>
                  </tr>
                  <tr
                    onClick={[Function]}
                  >
                    <td>
                      40
                    </td>
                    <td>
                      100
                    </td>
                  </tr>
                  <tr
                    onClick={[Function]}
                  >
                    <td>
                      40
                    </td>
                    <td>
                      100
                    </td>
                  </tr>
                  <tr
                    onClick={[Function]}
                  >
                    <td>
                      40
                    </td>
                    <td>
                      100
                    </td>
                  </tr>
                </tbody>
              </table>
            </div>
          </div>
        </div>
      </div>
    </button>
  </div>
</div>
`;

exports[`Render tests No Data, matches snapshot 1`] = `
<div
  className="container"
>
  <div
    className="list-item list-item--message"
  >
    <span>
      No Exercises
    </span>
  </div>
</div>
`;
