// Jest Snapshot v1, https://goo.gl/fbAQLP

exports[`Render tests Has Data - Ascending Order, matches snapshot 1`] = `
<div
  className="container"
  style={
    Object {
      "width": "90%",
    }
  }
>
  <div>
    <div
      className="accordion"
    >
      <div
        className="accordion-item"
      >
        <h2
          className="accordion-header"
        >
          <button
            aria-expanded={false}
            className="accordion-button collapsed"
            onClick={[Function]}
            type="button"
          >
            2022
          </button>
        </h2>
        <div
          aria-expanded={null}
          className="accordion-collapse collapse"
        >
          <div
            className="accordion-body"
          >
            <div>
               : 
              {"02":[{"_id":"2222","workoutDate":"2022-02-08T00:00:00.000Z","notes":"February","exerciseList":[{"name":"Incline Press","muscleGroup":"Chest","setList":[{"reps":10,"weight":275},{"reps":10,"weight":300},{"reps":3,"weight":315}],"notes":"Wrist is feeling a bit sore"},{"name":"Lunges","muscleGroup":"Legs","setList":[{"reps":40,"weight":100},{"reps":40,"weight":100},{"reps":40,"weight":100},{"reps":40,"weight":100}],"notes":"Dumbbells"}]},{"workoutDate":"2022-02-15T00:00:00.000Z","notes":"February","exerciseList":[{"name":"Incline Press","muscleGroup":"Chest","setList":[{"reps":10,"weight":275},{"reps":10,"weight":300},{"reps":3,"weight":315}],"notes":"Wrist is feeling a bit sore"},{"name":"Lunges","muscleGroup":"Legs","setList":[{"reps":40,"weight":100},{"reps":40,"weight":100},{"reps":40,"weight":100},{"reps":40,"weight":100}],"notes":"Dumbbells"}]}],"03":[{"workoutDate":"2022-03-15T00:00:00.000Z","notes":"February","exerciseList":[{"name":"Incline Press","muscleGroup":"Chest","setList":[{"reps":10,"weight":275},{"reps":10,"weight":300},{"reps":3,"weight":315}],"notes":"Wrist is feeling a bit sore"},{"name":"Lunges","muscleGroup":"Legs","setList":[{"reps":40,"weight":100},{"reps":40,"weight":100},{"reps":40,"weight":100},{"reps":40,"weight":100}],"notes":"Dumbbells"}]}]}
            </div>
          </div>
        </div>
      </div>
    </div>
    <div
      className="accordion"
    >
      <div
        className="accordion-item"
      >
        <h2
          className="accordion-header"
        >
          <button
            aria-expanded={false}
            className="accordion-button collapsed"
            onClick={[Function]}
            type="button"
          >
            2023
          </button>
        </h2>
        <div
          aria-expanded={null}
          className="accordion-collapse collapse"
        >
          <div
            className="accordion-body"
          >
            <div>
               : 
              {"03":[{"_id":"1234","workoutDate":"2023-03-08T00:00:00.000Z","notes":"Testing Notes for Testing","exerciseList":[{"name":"Bench Press","muscleGroup":"Chest","setList":[{"reps":20,"weight":275},{"reps":20,"weight":300},{"reps":3,"weight":315}],"notes":"Wrist is feeling a bit sore"},{"name":"Shrugs","muscleGroup":"Shoulders","setList":[{"reps":40,"weight":100},{"reps":40,"weight":100},{"reps":40,"weight":100},{"reps":40,"weight":100}],"notes":"Dumbbells"}]}]}
            </div>
          </div>
        </div>
      </div>
    </div>
  </div>
</div>
`;

exports[`Render tests Has Data - Descending Order, matches snapshot 1`] = `
<div
  className="container"
  style={
    Object {
      "width": "90%",
    }
  }
>
  <div>
    <div
      className="accordion"
    >
      <div
        className="accordion-item"
      >
        <h2
          className="accordion-header"
        >
          <button
            aria-expanded={false}
            className="accordion-button collapsed"
            onClick={[Function]}
            type="button"
          >
            2023
          </button>
        </h2>
        <div
          aria-expanded={null}
          className="accordion-collapse collapse"
        >
          <div
            className="accordion-body"
          >
            <div>
               : 
              {"03":[{"_id":"1234","workoutDate":"2023-03-08T00:00:00.000Z","notes":"Testing Notes for Testing","exerciseList":[{"name":"Bench Press","muscleGroup":"Chest","setList":[{"reps":20,"weight":275},{"reps":20,"weight":300},{"reps":3,"weight":315}],"notes":"Wrist is feeling a bit sore"},{"name":"Shrugs","muscleGroup":"Shoulders","setList":[{"reps":40,"weight":100},{"reps":40,"weight":100},{"reps":40,"weight":100},{"reps":40,"weight":100}],"notes":"Dumbbells"}]}]}
            </div>
          </div>
        </div>
      </div>
    </div>
    <div
      className="accordion"
    >
      <div
        className="accordion-item"
      >
        <h2
          className="accordion-header"
        >
          <button
            aria-expanded={false}
            className="accordion-button collapsed"
            onClick={[Function]}
            type="button"
          >
            2022
          </button>
        </h2>
        <div
          aria-expanded={null}
          className="accordion-collapse collapse"
        >
          <div
            className="accordion-body"
          >
            <div>
               : 
              {"02":[{"_id":"2222","workoutDate":"2022-02-08T00:00:00.000Z","notes":"February","exerciseList":[{"name":"Incline Press","muscleGroup":"Chest","setList":[{"reps":10,"weight":275},{"reps":10,"weight":300},{"reps":3,"weight":315}],"notes":"Wrist is feeling a bit sore"},{"name":"Lunges","muscleGroup":"Legs","setList":[{"reps":40,"weight":100},{"reps":40,"weight":100},{"reps":40,"weight":100},{"reps":40,"weight":100}],"notes":"Dumbbells"}]},{"workoutDate":"2022-02-15T00:00:00.000Z","notes":"February","exerciseList":[{"name":"Incline Press","muscleGroup":"Chest","setList":[{"reps":10,"weight":275},{"reps":10,"weight":300},{"reps":3,"weight":315}],"notes":"Wrist is feeling a bit sore"},{"name":"Lunges","muscleGroup":"Legs","setList":[{"reps":40,"weight":100},{"reps":40,"weight":100},{"reps":40,"weight":100},{"reps":40,"weight":100}],"notes":"Dumbbells"}]}],"03":[{"workoutDate":"2022-03-15T00:00:00.000Z","notes":"February","exerciseList":[{"name":"Incline Press","muscleGroup":"Chest","setList":[{"reps":10,"weight":275},{"reps":10,"weight":300},{"reps":3,"weight":315}],"notes":"Wrist is feeling a bit sore"},{"name":"Lunges","muscleGroup":"Legs","setList":[{"reps":40,"weight":100},{"reps":40,"weight":100},{"reps":40,"weight":100},{"reps":40,"weight":100}],"notes":"Dumbbells"}]}]}
            </div>
          </div>
        </div>
      </div>
    </div>
  </div>
</div>
`;

exports[`Render tests No Data, matches snapshot 1`] = `
<div
  className="container"
  style={
    Object {
      "width": "90%",
    }
  }
>
  <div
    className="list-item list-item--message"
  >
    <span>
      No Workouts
    </span>
  </div>
</div>
`;
