// Jest Snapshot v1, https://goo.gl/fbAQLP

exports[`Renders About Page and checks against snapshot 1`] = `
<div
  className="container"
>
  <a
    href="https://www.flaticon.com/free-icons/gym"
    title="gym icons"
  >
    Gym icons created by Freepik - Flaticon
  </a>
</div>
`;
