// Jest Snapshot v1, https://goo.gl/fbAQLP

exports[`Renders Index Page and checks against snapshot 1`] = `
<div
  className="container"
>
  Welcome to the Workout Tracker. The goal of this app is to help you track your workouts and help you generate some cool stats.
</div>
`;
